Async job processor starting...🚀
queued job 1: len=1 cap=3
queued job 2: len=0 cap=3
queued job 3: len=0 cap=3
queued job 4: len=1 cap=3
queued job 5: len=2 cap=3
Worker 1 processing Job 3: walking(duration: 3s)
Worker 3 processing Job 2: walking(duration: 2s)
Worker 2 processing Job 1: walking(duration: 1s)
queued job 6: len=3 cap=3
Worker 2 completed job 1
queued job 7: len=3 cap=3
Worker 2 processing Job 4: walking(duration: 1s)
Worker 3 completed job 2
Worker 3 processing Job 5: walking(duration: 2s)
queued job 8: len=3 cap=3
Worker 2 completed job 4
Worker 2 processing Job 6: walking(duration: 3s)
queued job 9: len=3 cap=3
Worker 1 completed job 3
queued job 10: len=3 cap=3
Worker 1 processing Job 7: walking(duration: 1s)
JobID: 1, Job Status: completed
JobID: 2, Job Status: completed
JobID: 3, Job Status: completed
JobID: 4, Job Status: completed
JobID: 5, Job Status: processing
JobID: 6, Job Status: processing
JobID: 7, Job Status: processing
JobID: 8, Job Status: pending
JobID: 9, Job Status: pending
JobID: 10, Job Status: pending
JobID: 1, Job Status: completed
JobID: 2, Job Status: completed
JobID: 3, Job Status: completed
JobID: 4, Job Status: completed
JobID: 5, Job Status: processing
JobID: 6, Job Status: processing
JobID: 7, Job Status: processing
JobID: 8, Job Status: pending
JobID: 9, Job Status: pending
JobID: 10, Job Status: pending
JobID: 1, Job Status: completed
JobID: 2, Job Status: completed
JobID: 3, Job Status: completed
JobID: 4, Job Status: completed
JobID: 5, Job Status: processing
JobID: 6, Job Status: processing
JobID: 7, Job Status: processing
JobID: 8, Job Status: pending
JobID: 9, Job Status: pending
JobID: 10, Job Status: pending
JobID: 1, Job Status: completed
JobID: 2, Job Status: completed
JobID: 3, Job Status: completed
JobID: 4, Job Status: completed
JobID: 5, Job Status: processing
JobID: 6, Job Status: processing
JobID: 7, Job Status: processing
JobID: 8, Job Status: pending
JobID: 9, Job Status: pending
JobID: 10, Job Status: pending
JobID: 1, Job Status: completed
JobID: 2, Job Status: completed
JobID: 3, Job Status: completed
JobID: 4, Job Status: completed
JobID: 5, Job Status: processing
JobID: 6, Job Status: processing
JobID: 7, Job Status: processing
JobID: 8, Job Status: pending
JobID: 9, Job Status: pending
JobID: 10, Job Status: pending
JobID: 1, Job Status: completed
JobID: 2, Job Status: completed
JobID: 3, Job Status: completed
JobID: 4, Job Status: completed
JobID: 5, Job Status: processing
JobID: 6, Job Status: processing
JobID: 7, Job Status: processing
JobID: 8, Job Status: pending
JobID: 9, Job Status: pending
JobID: 10, Job Status: pending
JobID: 1, Job Status: completed
JobID: 2, Job Status: completed
JobID: 3, Job Status: completed
JobID: 4, Job Status: completed
JobID: 5, Job Status: processing
JobID: 6, Job Status: processing
JobID: 7, Job Status: processing
JobID: 8, Job Status: pending
JobID: 9, Job Status: pending
JobID: 10, Job Status: pending
JobID: 1, Job Status: completed
JobID: 2, Job Status: completed
JobID: 3, Job Status: completed
JobID: 4, Job Status: completed
JobID: 5, Job Status: processing
JobID: 6, Job Status: processing
JobID: 7, Job Status: processing
JobID: 8, Job Status: pending
JobID: 9, Job Status: pending
JobID: 10, Job Status: pending
JobID: 1, Job Status: completed
JobID: 2, Job Status: completed
JobID: 3, Job Status: completed
JobID: 4, Job Status: completed
JobID: 5, Job Status: processing
JobID: 6, Job Status: processing
JobID: 7, Job Status: processing
JobID: 8, Job Status: pending
JobID: 9, Job Status: pending
JobID: 10, Job Status: pending
JobID: 1, Job Status: completed
JobID: 2, Job Status: completed
JobID: 3, Job Status: completed
JobID: 4, Job Status: completed
JobID: 5, Job Status: processing
JobID: 6, Job Status: processing
JobID: 7, Job Status: processing
JobID: 8, Job Status: pending
JobID: 9, Job Status: pending
JobID: 10, Job Status: pending
Worker 1 completed job 7
Worker 3 completed job 5
Worker 1 processing Job 8: walking(duration: 2s)
Worker 3 processing Job 9: walking(duration: 3s)
JobID: 1, Job Status: completed
JobID: 2, Job Status: completed
JobID: 3, Job Status: completed
JobID: 4, Job Status: completed
JobID: 5, Job Status: completed
JobID: 6, Job Status: processing
JobID: 7, Job Status: completed
JobID: 8, Job Status: processing
JobID: 9, Job Status: processing
JobID: 10, Job Status: pending
JobID: 1, Job Status: completed
JobID: 2, Job Status: completed
JobID: 3, Job Status: completed
JobID: 4, Job Status: completed
JobID: 5, Job Status: completed
JobID: 6, Job Status: processing
JobID: 7, Job Status: completed
JobID: 8, Job Status: processing
JobID: 9, Job Status: processing
JobID: 10, Job Status: pending
JobID: 1, Job Status: completed
JobID: 2, Job Status: completed
JobID: 3, Job Status: completed
JobID: 4, Job Status: completed
JobID: 5, Job Status: completed
JobID: 6, Job Status: processing
JobID: 7, Job Status: completed
JobID: 8, Job Status: processing
JobID: 9, Job Status: processing
JobID: 10, Job Status: pending
JobID: 1, Job Status: completed
JobID: 2, Job Status: completed
JobID: 3, Job Status: completed
JobID: 4, Job Status: completed
JobID: 5, Job Status: completed
JobID: 6, Job Status: processing
JobID: 7, Job Status: completed
JobID: 8, Job Status: processing
JobID: 9, Job Status: processing
JobID: 10, Job Status: pending
JobID: 1, Job Status: completed
JobID: 2, Job Status: completed
JobID: 3, Job Status: completed
JobID: 4, Job Status: completed
JobID: 5, Job Status: completed
JobID: 6, Job Status: processing
JobID: 7, Job Status: completed
JobID: 8, Job Status: processing
JobID: 9, Job Status: processing
JobID: 10, Job Status: pending
JobID: 1, Job Status: completed
JobID: 2, Job Status: completed
JobID: 3, Job Status: completed
JobID: 4, Job Status: completed
JobID: 5, Job Status: completed
JobID: 6, Job Status: processing
JobID: 7, Job Status: completed
JobID: 8, Job Status: processing
JobID: 9, Job Status: processing
JobID: 10, Job Status: pending
JobID: 1, Job Status: completed
JobID: 2, Job Status: completed
JobID: 3, Job Status: completed
JobID: 4, Job Status: completed
JobID: 5, Job Status: completed
JobID: 6, Job Status: processing
JobID: 7, Job Status: completed
JobID: 8, Job Status: processing
JobID: 9, Job Status: processing
JobID: 10, Job Status: pending
JobID: 1, Job Status: completed
JobID: 2, Job Status: completed
JobID: 3, Job Status: completed
JobID: 4, Job Status: completed
JobID: 5, Job Status: completed
JobID: 6, Job Status: processing
JobID: 7, Job Status: completed
JobID: 8, Job Status: processing
JobID: 9, Job Status: processing
JobID: 10, Job Status: pending
JobID: 1, Job Status: completed
JobID: 2, Job Status: completed
JobID: 3, Job Status: completed
JobID: 4, Job Status: completed
JobID: 5, Job Status: completed
JobID: 6, Job Status: processing
JobID: 7, Job Status: completed
JobID: 8, Job Status: processing
JobID: 9, Job Status: processing
JobID: 10, Job Status: pending
JobID: 1, Job Status: completed
JobID: 2, Job Status: completed
JobID: 3, Job Status: completed
JobID: 4, Job Status: completed
JobID: 5, Job Status: completed
JobID: 6, Job Status: processing
JobID: 7, Job Status: completed
JobID: 8, Job Status: processing
JobID: 9, Job Status: processing
JobID: 10, Job Status: pending
Worker 2 completed job 6
Worker 2 processing Job 10: walking(duration: 1s)
JobID: 1, Job Status: completed
JobID: 2, Job Status: completed
JobID: 3, Job Status: completed
JobID: 4, Job Status: completed
JobID: 5, Job Status: completed
JobID: 6, Job Status: completed
JobID: 7, Job Status: completed
JobID: 8, Job Status: processing
JobID: 9, Job Status: processing
JobID: 10, Job Status: processing
JobID: 1, Job Status: completed
JobID: 2, Job Status: completed
JobID: 3, Job Status: completed
JobID: 4, Job Status: completed
JobID: 5, Job Status: completed
JobID: 6, Job Status: completed
JobID: 7, Job Status: completed
JobID: 8, Job Status: processing
JobID: 9, Job Status: processing
JobID: 10, Job Status: processing
JobID: 1, Job Status: completed
JobID: 2, Job Status: completed
JobID: 3, Job Status: completed
JobID: 4, Job Status: completed
JobID: 5, Job Status: completed
JobID: 6, Job Status: completed
JobID: 7, Job Status: completed
JobID: 8, Job Status: processing
JobID: 9, Job Status: processing
JobID: 10, Job Status: processing
JobID: 1, Job Status: completed
JobID: 2, Job Status: completed
JobID: 3, Job Status: completed
JobID: 4, Job Status: completed
JobID: 5, Job Status: completed
JobID: 6, Job Status: completed
JobID: 7, Job Status: completed
JobID: 8, Job Status: processing
JobID: 9, Job Status: processing
JobID: 10, Job Status: processing
JobID: 1, Job Status: completed
JobID: 2, Job Status: completed
JobID: 3, Job Status: completed
JobID: 4, Job Status: completed
JobID: 5, Job Status: completed
JobID: 6, Job Status: completed
JobID: 7, Job Status: completed
JobID: 8, Job Status: processing
JobID: 9, Job Status: processing
JobID: 10, Job Status: processing
JobID: 1, Job Status: completed
JobID: 2, Job Status: completed
JobID: 3, Job Status: completed
JobID: 4, Job Status: completed
JobID: 5, Job Status: completed
JobID: 6, Job Status: completed
JobID: 7, Job Status: completed
JobID: 8, Job Status: processing
JobID: 9, Job Status: processing
JobID: 10, Job Status: processing
JobID: 1, Job Status: completed
JobID: 2, Job Status: completed
JobID: 3, Job Status: completed
JobID: 4, Job Status: completed
JobID: 5, Job Status: completed
JobID: 6, Job Status: completed
JobID: 7, Job Status: completed
JobID: 8, Job Status: processing
JobID: 9, Job Status: processing
JobID: 10, Job Status: processing
JobID: 1, Job Status: completed
JobID: 2, Job Status: completed
JobID: 3, Job Status: completed
JobID: 4, Job Status: completed
JobID: 5, Job Status: completed
JobID: 6, Job Status: completed
JobID: 7, Job Status: completed
JobID: 8, Job Status: processing
JobID: 9, Job Status: processing
JobID: 10, Job Status: processing
JobID: 1, Job Status: completed
JobID: 2, Job Status: completed
JobID: 3, Job Status: completed
JobID: 4, Job Status: completed
JobID: 5, Job Status: completed
JobID: 6, Job Status: completed
JobID: 7, Job Status: completed
JobID: 8, Job Status: processing
JobID: 9, Job Status: processing
JobID: 10, Job Status: processing
JobID: 1, Job Status: completed
JobID: 2, Job Status: completed
JobID: 3, Job Status: completed
JobID: 4, Job Status: completed
JobID: 5, Job Status: completed
JobID: 6, Job Status: completed
JobID: 7, Job Status: completed
JobID: 8, Job Status: processing
JobID: 9, Job Status: processing
JobID: 10, Job Status: processing
Worker 1 completed job 8
Worker 2 completed job 10
JobID: 1, Job Status: completed
JobID: 2, Job Status: completed
JobID: 3, Job Status: completed
JobID: 4, Job Status: completed
JobID: 5, Job Status: completed
JobID: 6, Job Status: completed
JobID: 7, Job Status: completed
JobID: 8, Job Status: completed
JobID: 9, Job Status: processing
JobID: 10, Job Status: completed
JobID: 1, Job Status: completed
JobID: 2, Job Status: completed
JobID: 3, Job Status: completed
JobID: 4, Job Status: completed
JobID: 5, Job Status: completed
JobID: 6, Job Status: completed
JobID: 7, Job Status: completed
JobID: 8, Job Status: completed
JobID: 9, Job Status: processing
JobID: 10, Job Status: completed
JobID: 1, Job Status: completed
JobID: 2, Job Status: completed
JobID: 3, Job Status: completed
JobID: 4, Job Status: completed
JobID: 5, Job Status: completed
JobID: 6, Job Status: completed
JobID: 7, Job Status: completed
JobID: 8, Job Status: completed
JobID: 9, Job Status: processing
JobID: 10, Job Status: completed
JobID: 1, Job Status: completed
JobID: 2, Job Status: completed
JobID: 3, Job Status: completed
JobID: 4, Job Status: completed
JobID: 5, Job Status: completed
JobID: 6, Job Status: completed
JobID: 7, Job Status: completed
JobID: 8, Job Status: completed
JobID: 9, Job Status: processing
JobID: 10, Job Status: completed
JobID: 1, Job Status: completed
JobID: 2, Job Status: completed
JobID: 3, Job Status: completed
JobID: 4, Job Status: completed
JobID: 5, Job Status: completed
JobID: 6, Job Status: completed
JobID: 7, Job Status: completed
JobID: 8, Job Status: completed
JobID: 9, Job Status: processing
JobID: 10, Job Status: completed
JobID: 1, Job Status: completed
JobID: 2, Job Status: completed
JobID: 3, Job Status: completed
JobID: 4, Job Status: completed
JobID: 5, Job Status: completed
JobID: 6, Job Status: completed
JobID: 7, Job Status: completed
JobID: 8, Job Status: completed
JobID: 9, Job Status: processing
JobID: 10, Job Status: completed
JobID: 1, Job Status: completed
JobID: 2, Job Status: completed
JobID: 3, Job Status: completed
JobID: 4, Job Status: completed
JobID: 5, Job Status: completed
JobID: 6, Job Status: completed
JobID: 7, Job Status: completed
JobID: 8, Job Status: completed
JobID: 9, Job Status: processing
JobID: 10, Job Status: completed
JobID: 1, Job Status: completed
JobID: 2, Job Status: completed
JobID: 3, Job Status: completed
JobID: 4, Job Status: completed
JobID: 5, Job Status: completed
JobID: 6, Job Status: completed
JobID: 7, Job Status: completed
JobID: 8, Job Status: completed
JobID: 9, Job Status: processing
JobID: 10, Job Status: completed
JobID: 1, Job Status: completed
JobID: 2, Job Status: completed
JobID: 3, Job Status: completed
JobID: 4, Job Status: completed
JobID: 5, Job Status: completed
JobID: 6, Job Status: completed
JobID: 7, Job Status: completed
JobID: 8, Job Status: completed
JobID: 9, Job Status: processing
JobID: 10, Job Status: completed
JobID: 1, Job Status: completed
JobID: 2, Job Status: completed
JobID: 3, Job Status: completed
JobID: 4, Job Status: completed
JobID: 5, Job Status: completed
JobID: 6, Job Status: completed
JobID: 7, Job Status: completed
JobID: 8, Job Status: completed
JobID: 9, Job Status: processing
JobID: 10, Job Status: completed
Worker 3 completed job 9
